Board 1


                North (GIBNS)
                S A K T 5 
                H 6 2 
                D 8 7 3 
                C T 8 7 3 

West (GIBEW)                    East (GIBEW)
S 8 3 2                         S J 6 
H 9 7 3                         H Q T 8 5 4 
D A K 9                         D Q J 6 2 
C K Q 6 4                       C J 2 

                South (GIBNS)
                S Q 9 7 4 
                H A K J 
                D T 5 4 
                C A 9 5 

Dealer : North

N-S : not vulnerable    E-W : not vulnerable


West   North  East   South
       Pass   Pass   1C     
Pass   1S     Pass   2S     
Pass   Pass   Pass   

Contract : 2S by North


West   North  East   South
 D 9    D 3   >D Q    D T   
 D K    D 8   >D 2    D 5   
>H 3    H 6    H Q    H A   
 S 2    S A    S 6   >S 7   
 S 8   >S 5    S J    S Q   
 H 7    H 2    H T   >H K   
 S 3    S K    H 8   >S 9   
 C 6   >C 3    C 2    C A   
 H 9    D 7    H 5   >H J   
 C Q    C 7    C J   >C 5   
>C K    C 8    H 4    C 9   
>C 4    C T    D J    D 4   
 D A   >S T    D 6    S 4   

Result : Contract made with 1 overtrick for +140 points
--------------------------------------------------

Board 2


                North (GIBNS)
                S Q 8 6 
                H K Q T 6 5 
                D K 7 3 
                C 8 5 

West (GIBEW)                    East (GIBEW)
S T 7                           S A 9 5 4 3 
H 4 3 2                         H J 9 7 
D T 9 8 6                       D Q 5 4 
C A K 7 2                       C Q T 

                South (GIBNS)
                S K J 2 
                H A 8 
                D A J 2 
                C J 9 6 4 3 

Dealer : East

N-S : vulnerable    E-W : not vulnerable


West   North  East   South
              Pass   1C     
Pass   1H     Pass   1NT    
Pass   Pass   Pass   

Contract : 1NT by South


West   North  East   South
>D T    D 3    D Q    D A   
 S 7    S Q    S A   >S 2   
 H 2    H K   >H J    H 8   
 C 7   >C 8    C Q    C 6   
 C 2    C 5   >C T    C 3   
 S T    S 8   >S 3    S K   
 H 3    H 5    H 9   >H A   
 D 9    D K    D 5   >D 2   
 H 4   >H Q    H 7    C J   
 C K   >H T    S 4    C 9   
 C A   >H 6    S 5    C 4   
 D 8   >D 7    D 4    D J   
 D 6    S 6    S 9   >S J   

Result : Contract made with 3 overtricks
--------------------------------------------------

Board 3


                North (GIBNS)
                S A T 6 5 
                H A T 7 2 
                D T 9 8 
                C 8 4 

West (GIBEW)                    East (GIBEW)
S K 9 4 3 2                     S Q J 8 
H K Q 9 3                       H 8 5 
D -                             D K Q J 7 
C J 9 5 2                       C Q T 7 3 

                South (GIBNS)
                S 7 
                H J 6 4 
                D A 6 5 4 3 2 
                C A K 6 

Dealer : South

N-S : not vulnerable    E-W : vulnerable


West   North  East   South
                     1D     
1S     Dbl    2D     Pass   
2S     Pass   Pass   Dbl    
Pass   2NT    Pass   Pass   
Pass   

Contract : 2NT by North


West   North  East   South
 S K    S A   >S Q    S 7   
 H 9   >D 9    D J    D 2   
 C 5    D T   >D K    D 3   
 H 3    D 8   >D Q    D 4   
 H Q    H A   >H 5    H 4   
 H K   >H 7    H 8    H J   
>S 4    S 5    S 8    D 5   
 S 2    S T   >S J    C 6   
 C 2    C 8   >C T    C A   
 S 3    H T    C 3   >H 6   
 C J   >C 4    C 7    C K   
 C 9    S 6    D 7   >D A   
 S 9    H 2    C Q   >D 6   

Result : Contract down by 1 trick for -50 points
--------------------------------------------------

Board 4


                North (GIBNS)
                S K 7 6 
                H T 6 4 2 
                D A 7 
                C A K J 2 

West (GIBEW)                    East (GIBEW)
S T 8 4                         S 3 2 
H 9 8 7 5                       H Q 
D K J 8                         D Q T 9 6 5 
C 8 7 5                         C Q T 9 6 3 

                South (GIBNS)
                S A Q J 9 5 
                H A K J 3 
                D 4 3 2 
                C 4 

Dealer : West

N-S : vulnerable    E-W : vulnerable


West   North  East   South
Pass   1NT    Pass   2C     
Pass   2H     Pass   4C     
Pass   5C     Pass   6H     
Pass   Pass   Pass   

Contract : 6H by North


West   North  East   South
 H 8    H 2   >H Q    H A   
 D K    D A    D 5   >D 4   
 S 4   >S 7    S 2    S Q   
 C 5    C A    C 6   >C 4   
 C 7   >C K    C 3    D 2   
 C 8   >C 2    C 9    H 3   
 H 5    H 6    D 6   >H K   
 H 9    H 4    D T   >H J   
 S T    S K    S 3   >S 9   
 H 7   >H T    C T    D 3   
 S 8   >S 6    D 9    S A   
 D J    D 7    C Q   >S J   
 D 8    C J    D Q   >S 5   

Result : Contract made with 1 overtrick for +1460 points
--------------------------------------------------

Board 1


                North (GIBEW)
                S A K T 5 
                H 6 2 
                D 8 7 3 
                C T 8 7 3 

West (GIBNS)                    East (GIBNS)
S 8 3 2                         S J 6 
H 9 7 3                         H Q T 8 5 4 
D A K 9                         D Q J 6 2 
C K Q 6 4                       C J 2 

                South (GIBEW)
                S Q 9 7 4 
                H A K J 
                D T 5 4 
                C A 9 5 

Dealer : North

N-S : not vulnerable    E-W : not vulnerable


West   North  East   South
       Pass   Pass   1C     
Pass   1S     Pass   2S     
Pass   Pass   Pass   

Contract : 2S by North


West   North  East   South
 D 9    D 3   >D Q    D T   
 D K    D 8   >D 2    D 5   
>H 3    H 6    H Q    H A   
 S 2    S A    S 6   >S 7   
 S 8   >S 5    S J    S Q   
 H 7    H 2    H T   >H K   
 S 3    S K    H 8   >S 9   
 C 6   >C 3    C 2    C A   
 H 9    D 7    H 5   >H J   
 C Q    C 7    C J   >C 5   
>C K    C 8    H 4    C 9   
>C 4    C T    D J    D 4   
 D A   >S T    D 6    S 4   

Result : Contract made with 1 overtrick for +140 points
--------------------------------------------------

Board 2


                North (GIBEW)
                S Q 8 6 
                H K Q T 6 5 
                D K 7 3 
                C 8 5 

West (GIBNS)                    East (GIBNS)
S T 7                           S A 9 5 4 3 
H 4 3 2                         H J 9 7 
D T 9 8 6                       D Q 5 4 
C A K 7 2                       C Q T 

                South (GIBEW)
                S K J 2 
                H A 8 
                D A J 2 
                C J 9 6 4 3 

Dealer : East

N-S : vulnerable    E-W : not vulnerable


West   North  East   South
              Pass   1C     
Pass   1H     Pass   1NT    
Pass   Pass   Pass   

Contract : 1NT by South


West   North  East   South
>D T    D 3    D Q    D A   
 S 7    S Q    S A   >S 2   
 H 2    H K   >H J    H 8   
 C 7   >C 8    C Q    C 6   
 C 2    C 5   >C T    C 3   
 S T    S 8   >S 3    S K   
 H 3    H 5    H 9   >H A   
 D 9    D K    D 5   >D 2   
 H 4   >H Q    H 7    C J   
 C K   >H T    S 4    C 9   
 C A   >H 6    S 5    C 4   
 D 8   >D 7    D 4    D J   
 D 6    S 6    S 9   >S J   

Result : Contract made with 3 overtricks
--------------------------------------------------

Board 3


                North (GIBEW)
                S A T 6 5 
                H A T 7 2 
                D T 9 8 
                C 8 4 

West (GIBNS)                    East (GIBNS)
S K 9 4 3 2                     S Q J 8 
H K Q 9 3                       H 8 5 
D -                             D K Q J 7 
C J 9 5 2                       C Q T 7 3 

                South (GIBEW)
                S 7 
                H J 6 4 
                D A 6 5 4 3 2 
                C A K 6 

Dealer : South

N-S : not vulnerable    E-W : vulnerable


West   North  East   South
                     1D     
1S     Dbl    2D     Pass   
2S     Pass   Pass   Dbl    
Pass   2NT    Pass   Pass   
Pass   

Contract : 2NT by North


West   North  East   South
 S 2    D T   >D K    D 2   
 S 3    S A   >S Q    S 7   
 S 9   >D 9    D J    D 3   
 H Q    H A   >H 8    H J   
 C J   >C 4    C T    C A   
 H 3    D 8    D Q   >D 6   
 S K    S 6   >S J    C 6   
>C 2    C 8    C 3    C K   
 C 5    H 2    D 7   >D A   
 H 9    H T    C 7   >D 5   
 H K    H 7    H 5   >H 4   
>S 4    S T    S 8    D 4   
 C 9   >S 5    C Q    H 6   

Result : Contract made for +120 points
--------------------------------------------------

Board 4


                North (GIBEW)
                S K 7 6 
                H T 6 4 2 
                D A 7 
                C A K J 2 

West (GIBNS)                    East (GIBNS)
S T 8 4                         S 3 2 
H 9 8 7 5                       H Q 
D K J 8                         D Q T 9 6 5 
C 8 7 5                         C Q T 9 6 3 

                South (GIBEW)
                S A Q J 9 5 
                H A K J 3 
                D 4 3 2 
                C 4 

Dealer : West

N-S : vulnerable    E-W : vulnerable


West   North  East   South
Pass   1NT    Pass   2C     
Pass   2H     Pass   4C     
Pass   5C     Pass   6H     
Pass   Pass   Pass   

Contract : 6H by North


West   North  East   South
 H 8    H 2   >H Q    H A   
 D K    D A    D 5   >D 4   
 S 4   >S 7    S 3    S Q   
 C 8    C A    C 3   >C 4   
 C 7   >C K    C 6    D 2   
 C 5   >C 2    C 9    H 3   
 H 5    H 6    D 6   >H K   
 H 9    H 4    D 9   >H J   
 S T    S K    S 2   >S 9   
 H 7   >H T    C T    D 3   
 S 8   >S 6    D T    S A   
 D J    D 7    C Q   >S J   
 D 8    C J    D Q   >S 5   

Result : Contract made with 1 overtrick for +1460 points
--------------------------------------------------

